******************************************************************************
                  MSP430 Linker PC v4.1.1                      
******************************************************************************
>> Linked Thu Nov 22 13:25:28 2012

OUTPUT FILE NAME:   <ADS1x9x_ECG_Recorder_FW.out>
ENTRY POINT SYMBOL: "_c_int00"  address: 00004da2


MEMORY CONFIGURATION

         name            origin    length      used     unused   attr    fill
----------------------  --------  ---------  --------  --------  ----  --------
  SFR                   00000000   00000010  00000000  00000010  RWIX
  PERIPHERALS_8BIT      00000010   000000f0  00000000  000000f0  RWIX
  PERIPHERALS_16BIT     00000100   00000100  00000000  00000100  RWIX
  INFOD                 00001800   00000080  00000000  00000080  RWIX
  INFOC                 00001880   00000080  00000000  00000080  RWIX
  INFOB                 00001900   00000080  00000000  00000080  RWIX
  INFOA                 00001980   00000080  00000000  00000080  RWIX
  RAM                   00002400   00002000  0000139e  00000c62  RWIX
  FLASH                 00004400   0000bb80  00004484  000076fc  RWIX
  INT00                 0000ff80   00000002  00000000  00000002  RWIX
  INT01                 0000ff82   00000002  00000000  00000002  RWIX
  INT02                 0000ff84   00000002  00000000  00000002  RWIX
  INT03                 0000ff86   00000002  00000000  00000002  RWIX
  INT04                 0000ff88   00000002  00000000  00000002  RWIX
  INT05                 0000ff8a   00000002  00000000  00000002  RWIX
  INT06                 0000ff8c   00000002  00000000  00000002  RWIX
  INT07                 0000ff8e   00000002  00000000  00000002  RWIX
  INT08                 0000ff90   00000002  00000000  00000002  RWIX
  INT09                 0000ff92   00000002  00000000  00000002  RWIX
  INT10                 0000ff94   00000002  00000000  00000002  RWIX
  INT11                 0000ff96   00000002  00000000  00000002  RWIX
  INT12                 0000ff98   00000002  00000000  00000002  RWIX
  INT13                 0000ff9a   00000002  00000000  00000002  RWIX
  INT14                 0000ff9c   00000002  00000000  00000002  RWIX
  INT15                 0000ff9e   00000002  00000000  00000002  RWIX
  INT16                 0000ffa0   00000002  00000000  00000002  RWIX
  INT17                 0000ffa2   00000002  00000000  00000002  RWIX
  INT18                 0000ffa4   00000002  00000000  00000002  RWIX
  INT19                 0000ffa6   00000002  00000000  00000002  RWIX
  INT20                 0000ffa8   00000002  00000000  00000002  RWIX
  INT21                 0000ffaa   00000002  00000000  00000002  RWIX
  INT22                 0000ffac   00000002  00000000  00000002  RWIX
  INT23                 0000ffae   00000002  00000000  00000002  RWIX
  INT24                 0000ffb0   00000002  00000000  00000002  RWIX
  INT25                 0000ffb2   00000002  00000000  00000002  RWIX
  INT26                 0000ffb4   00000002  00000000  00000002  RWIX
  INT27                 0000ffb6   00000002  00000000  00000002  RWIX
  INT28                 0000ffb8   00000002  00000000  00000002  RWIX
  INT29                 0000ffba   00000002  00000000  00000002  RWIX
  INT30                 0000ffbc   00000002  00000000  00000002  RWIX
  INT31                 0000ffbe   00000002  00000000  00000002  RWIX
  INT32                 0000ffc0   00000002  00000000  00000002  RWIX
  INT33                 0000ffc2   00000002  00000000  00000002  RWIX
  INT34                 0000ffc4   00000002  00000000  00000002  RWIX
  INT35                 0000ffc6   00000002  00000000  00000002  RWIX
  INT36                 0000ffc8   00000002  00000000  00000002  RWIX
  INT37                 0000ffca   00000002  00000000  00000002  RWIX
  INT38                 0000ffcc   00000002  00000000  00000002  RWIX
  INT39                 0000ffce   00000002  00000000  00000002  RWIX
  INT40                 0000ffd0   00000002  00000000  00000002  RWIX
  INT41                 0000ffd2   00000002  00000000  00000002  RWIX
  INT42                 0000ffd4   00000002  00000000  00000002  RWIX
  INT43                 0000ffd6   00000002  00000000  00000002  RWIX
  INT44                 0000ffd8   00000002  00000000  00000002  RWIX
  INT45                 0000ffda   00000002  00000000  00000002  RWIX
  INT46                 0000ffdc   00000002  00000000  00000002  RWIX
  INT47                 0000ffde   00000002  00000002  00000000  RWIX
  INT48                 0000ffe0   00000002  00000000  00000002  RWIX
  INT49                 0000ffe2   00000002  00000002  00000000  RWIX
  INT50                 0000ffe4   00000002  00000000  00000002  RWIX
  INT51                 0000ffe6   00000002  00000002  00000000  RWIX
  INT52                 0000ffe8   00000002  00000000  00000002  RWIX
  INT53                 0000ffea   00000002  00000000  00000002  RWIX
  INT54                 0000ffec   00000002  00000000  00000002  RWIX
  INT55                 0000ffee   00000002  00000002  00000000  RWIX
  INT56                 0000fff0   00000002  00000000  00000002  RWIX
  INT57                 0000fff2   00000002  00000000  00000002  RWIX
  INT58                 0000fff4   00000002  00000000  00000002  RWIX
  INT59                 0000fff6   00000002  00000000  00000002  RWIX
  INT60                 0000fff8   00000002  00000000  00000002  RWIX
  INT61                 0000fffa   00000002  00000002  00000000  RWIX
  INT62                 0000fffc   00000002  00000000  00000002  RWIX
  RESET                 0000fffe   00000002  00000002  00000000  RWIX
  FLASH2                00010000   00014400  00000000  00014400  RWIX


SECTION ALLOCATION MAP

 output                                  attributes/
section   page    origin      length       input sections
--------  ----  ----------  ----------   ----------------
.pinit     0    00004400    00000000     UNINITIALIZED

.bss       0    00002400    000012fe     UNINITIALIZED
                  00002400    00000972     ADS1x9x_ECG_Processing.obj (.bss)
                  00002d72    0000048d     ADS1x9x_RESP_Processing.obj (.bss)
                  000031ff    00000001     --HOLE--
                  00003200    0000033a     ADS1x9x_Nand_Flash.obj (.bss)
                  0000353a    000000bd     ADS1x9x_main.obj (.bss)
                  000035f7    00000001     --HOLE--
                  000035f8    00000078     ADS1x9x.obj (.bss)
                  00003670    00000044     usb.obj (.bss)
                  000036b4    00000022     UsbCdc.obj (.bss)
                  000036d6    00000010     ADS1x9x_USB_Communication.obj (.bss)
                  000036e6    00000008     dma.obj (.bss)
                  000036ee    00000008     rts430x.lib : _lock.obj (.bss)
                  000036f6    00000008                 : boot.obj (.bss)

.stack     0    00004360    000000a0     UNINITIALIZED
                  00004360    00000002     rts430x.lib : boot.obj (.stack)
                  00004362    0000009e     --HOLE--

.cinit     0    00004400    0000078e     
                  00004400    00000494     ADS1x9x_ECG_Processing.obj (.cinit)
                  00004894    000001f3     ADS1x9x_RESP_Processing.obj (.cinit)
                  00004a87    00000001     --HOLE-- [fill = 0]
                  00004a88    0000005a     ADS1x9x.obj (.cinit)
                  00004ae2    00000047     ADS1x9x_main.obj (.cinit)
                  00004b29    00000001     --HOLE-- [fill = 0]
                  00004b2a    00000030     ADS1x9x_Nand_Flash.obj (.cinit)
                  00004b5a    00000019     UsbCdc.obj (.cinit)
                  00004b73    00000001     --HOLE-- [fill = 0]
                  00004b74    00000011     usb.obj (.cinit)
                  00004b85    00000001     --HOLE-- [fill = 0]
                  00004b86    00000005     ADS1x9x_USB_Communication.obj (.cinit)
                  00004b8b    00000001     --HOLE-- [fill = 0]
                  00004b8c    00000002     (.pad.cinit) [fill = 0]

.text:_isr 
*          0    00004b8e    00000262     
                  00004b8e    00000128     UsbIsr.obj (.text:_isr:iUsbInterruptHandler)
                  00004cb6    00000084     ADS1x9x_main.obj (.text:_isr:TIMER1_A0_ISR)
                  00004d3a    00000036     ADS1x9x_main.obj (.text:_isr:UNMI_ISR)
                  00004d70    00000032     ADS1x9x.obj (.text:_isr:USCI_B0_ISR)
                  00004da2    0000002a     rts430x.lib : boot.obj (.text:_isr:_c_int00_noexit)
                  00004dcc    00000024     ADS1x9x.obj (.text:_isr:Port_1)

.text      0    00004df0    0000384e     
                  00004df0    00000380     ADS1x9x_main.obj (.text:Decode_Recieved_Command)
                  00005170    000002ec     ADS1x9x_main.obj (.text:main)
                  0000545c    0000020c     ADS1x9x_USB_Communication.obj (.text:Accquire_ECG_Samples)
                  00005668    000001ae     ADS1x9x_RESP_Processing.obj (.text:Respiration_Rate_Detection)
                  00005816    00000198     ADS1x9x_Nand_Flash.obj (.text:Send_Recorded_ECG_Samples_to_USB)
                  000059ae    00000196     UsbCdc.obj (.text:USBCDC_receiveData)
                  00005b44    00000180     ADS1x9x_ECG_Processing.obj (.text:QRS_check_sample_crossing_threshold)
                  00005cc4    00000152     ADS1x9x_ECG_Processing.obj (.text:ADS1x9x_Filtered_ECG)
                  00005e16    00000126     ADS1x9x.obj (.text:ADS1x9x_PowerOn_Init)
                  00005f3c    00000122     UsbCdc.obj (.text:CdcToHostFromBuffer)
                  0000605e    00000120     usb.obj (.text:USB_reset)
                  0000617e    00000106     UsbCdc.obj (.text:CdcToBufferFromHost)
                  00006284    000000f6     ADS1x9x_Nand_Flash.obj (.text:Send_Acquired_ECG_Samples_to_USB)
                  0000637a    000000e4     hal_UCS.obj (.text:Init_FLL)
                  0000645e    000000e2     ADS1x9x_Nand_Flash.obj (.text:Get_Raw_ECG_Samples_Data_pointer)
                  00006540    000000c8     ADS1x9x.obj (.text:ADS1292x_Parse_data_packet)
                  00006608    000000c6     ADS1x9x.obj (.text:ADS1291_Parse_data_packet)
                  000066ce    000000c2     usb.obj (.text:USB_InitSerialStringDescriptor)
                  00006790    000000bc     hal_pmm.obj (.text:SetVCoreUp)
                  0000684c    000000ba     ADS1x9x_ECG_Processing.obj (.text:ECG_ProcessCurrSample)
                  00006906    000000ba     ADS1x9x_ECG_Processing.obj (.text:ECG_ProcessCurrSample_ch0)
                  000069c0    000000b8     ADS1x9x.obj (.text:ADS1x9x_Reg_Write)
                  00006a78    000000b8     ADS1x9x_Nand_Flash.obj (.text:NAND_ReadPage)
                  00006b30    000000b6     ADS1x9x.obj (.text:ADS1192_Parse_data_packet)
                  00006be6    000000b6     rts430x.lib : fs_mpy.obj (.text)
                  00006c9c    000000b4     ADS1x9x.obj (.text:ADS1191_Parse_data_packet)
                  00006d50    000000b4     ADS1x9x_Nand_Flash.obj (.text:NAND_ReadPageRandomStart)
                  00006e04    000000b4     ADS1x9x_USB_Communication.obj (.text:Stream_ECG_data_packets)
                  00006eb8    0000009e     ADS1x9x_RESP_Processing.obj (.text:Resp_ProcessCurrSample)
                  00006f56    00000096     ADS1x9x_Nand_Flash.obj (.text:Store_Processed_ECG_Samples_to_Flash)
                  00006fec    00000096     usb.obj (.text:USB_connectionState)
                  00007082    00000090     usb.obj (.text:usbDecodeAndProcessUsbRequest)
                  00007112    0000008e     ADS1x9x_Nand_Flash.obj (.text:NAND_ProgramPageRandomStart)
                  000071a0    0000008a     hal_pmm.obj (.text:SetVCoreDown)
                  0000722a    00000084     usb.obj (.text:USB_enable)
                  000072ae    00000082     UsbCdc.obj (.text:USBCDC_intfStatus)
                  00007330    00000074     ADS1x9x_RESP_Processing.obj (.text:RESP_Algorithm_Interface)
                  000073a4    00000074     UsbCdc.obj (.text:USBCDC_bytesInUSBBuffer)
                  00007418    00000070     usb.obj (.text:usbSendNextPacketOnIEP0)
                  00007488    0000006e     ADS1x9x_Nand_Flash.obj (.text:Store_Acquired_ECG_Samples_to_Flash)
                  000074f6    0000006c     UsbCdc.obj (.text:CopyUsbToBuff)
                  00007562    0000006c     usb.obj (.text:usbGetEndpointStatus)
                  000075ce    0000006a     ADS1x9x_ECG_Processing.obj (.text:ECG_FilterProcess)
                  00007638    0000006a     ADS1x9x_ECG_Processing.obj (.text:QRS_Algorithm_Interface)
                  000076a2    0000006a     USB_constructs.obj (.text:cdc_sendDataInBackground)
                  0000770c    00000068     rts430x.lib : fs_toi.obj (.text)
                  00007774    00000066     ADS1x9x_ECG_Processing.obj (.text:QRS_process_buffer)
                  000077da    00000064     ADS1x9x_Nand_Flash.obj (.text:NAND_ReadPageRandom)
                  0000783e    00000064     UsbCdc.obj (.text:USBCDC_sendData)
                  000078a2    00000060     ADS1x9x_Nand_Flash.obj (.text:NAND_EraseBlock)
                  00007902    00000058     rts430x.lib : div32u.obj (.text)
                  0000795a    00000052     usb.obj (.text:USB_init)
                  000079ac    0000004e     ADS1x9x_Nand_Flash.obj (.text:NAND_ProgramPageRandom)
                  000079fa    00000046     UsbIsr.obj (.text:SetupPacketInterruptHandler)
                  00007a40    00000046     rts430x.lib : autoinit.obj (.text:_auto_init)
                  00007a86    00000046     usb.obj (.text:usbReceiveNextPacketOnOEP0)
                  00007acc    00000042     UsbIsr.obj (.text:PWRVBUSoffHandler)
                  00007b0e    00000042     usb.obj (.text:usbSetEndpointFeature)
                  00007b50    00000040     ADS1x9x.obj (.text:ADS1x9x_Default_Reg_Init)
                  00007b90    00000040     rts430x.lib : div32s.obj (.text)
                  00007bd0    00000040     UsbCdc.obj (.text:usbGetLineCoding)
                  00007c10    00000040     usb.obj (.text:usbGetStringDescriptor)
                  00007c50    0000003e     ADS1x9x.obj (.text:ADS1x9x_Reg_Read)
                  00007c8e    0000003e     ADS1x9x_Nand_LLD.obj (.text:Flash_MT298G08AAAWP_Nand_Write_8Bytes)
                  00007ccc    0000003e     rts430x.lib : asr32.obj (.text:l_asr_const)
                  00007d0a    0000003e                 : lsl32.obj (.text:l_lsl_const)
                  00007d48    0000003e                 : lsr32.obj (.text:l_lsr_const)
                  00007d86    0000003c     hal_pmm.obj (.text:SetVCore)
                  00007dc2    0000003c     usb.obj (.text:usbClearEndpointFeature)
                  00007dfe    0000003a     USB_constructs.obj (.text:cdc_receiveDataInBuffer)
                  00007e38    00000036     hal_tlv.obj (.text:Get_TLV_Info)
                  00007e6e    00000036     rts430x.lib : fs_itof.obj (.text)
                  00007ea4    00000032     ADS1x9x_main.obj (.text:Init_Clock)
                  00007ed6    00000032     usb.obj (.text:USB_connectionInfo)
                  00007f08    00000032     usb.obj (.text:USB_suspend)
                  00007f3a    00000030     ADS1x9x.obj (.text:ADS1x9x_Parse_data_packet)
                  00007f6a    00000030     ADS1x9x_Nand_Flash.obj (.text:NAND_ReadStatus)
                  00007f9a    00000030     UsbIsr.obj (.text:PWRVBUSonHandler)
                  00007fca    00000030     ADS1x9x.obj (.text:Set_UCB0_SPI)
                  00007ffa    00000030     dma.obj (.text:memcpyDMA0)
                  0000802a    0000002e     UsbCdc.obj (.text:Handler_SetLineCoding)
                  00008058    0000002c     UsbIsr.obj (.text:OEP0InterruptHandler)
                  00008084    0000002c     rts430x.lib : div16s.obj (.text)
                  000080b0    0000002a     ADS1x9x.obj (.text:Set_GPIO)
                  000080da    00000028     ADS1x9x_Nand_LLD.obj (.text:Flash_MT298G08AAAWP_init)
                  00008102    00000028     ADS1x9x.obj (.text:Set_Device_out_bytes)
                  0000812a    00000028     usb.obj (.text:USB_connect)
                  00008152    00000028     dma.obj (.text:USB_initMemcpy)
                  0000817a    00000028     rts430x.lib : strncmp.obj (.text:strncmp)
                  000081a2    00000026     usb.obj (.text:usbGetDeviceStatus)
                  000081c8    00000022     ADS1x9x.obj (.text:ADS1x9x_Read_All_Regs)
                  000081ea    00000022     ADS1x9x_Nand_LLD.obj (.text:Flash_MT298G08AAAWP_Nand_Read)
                  0000820c    00000022     usb.obj (.text:USB_disable)
                  0000822e    00000020     usb.obj (.text:usbSendDataPacketOnEP0)
                  0000824e    0000001e     hal_UCS.obj (.text:XT2_Start)
                  0000826c    0000001e     usb.obj (.text:usbSetConfiguration)
                  0000828a    0000001c     ADS1x9x.obj (.text:ADS1x9x_SPI_Command_Data)
                  000082a6    0000001c     UsbIsr.obj (.text:IEP0InterruptHandler)
                  000082c2    0000001c     ADS1x9x_Nand_Flash.obj (.text:NAND_ProgramPageRandomLast)
                  000082de    0000001a     UsbCdc.obj (.text:CdcResetData)
                  000082f8    0000001a     ADS1x9x_Nand_LLD.obj (.text:Flash_MT298G08AAAWP_Nand_Write_Addr)
                  00008312    0000001a     ADS1x9x_Nand_LLD.obj (.text:Flash_MT298G08AAAWP_Nand_Write_Cmd)
                  0000832c    0000001a     ADS1x9x.obj (.text:Init_ADS1x9x_DRDY_Interrupt)
                  00008346    0000001a     ADS1x9x_Nand_Flash.obj (.text:NAND_Init)
                  00008360    0000001a     usb.obj (.text:usbGetInterface)
                  0000837a    0000001a     usb.obj (.text:usbGetInterfaceStatus)
                  00008394    0000001a     usb.obj (.text:usbSetAddress)
                  000083ae    00000018     ADS1x9x_Nand_LLD.obj (.text:Flash_MT298G08AAAWP_Nand_Read_byte)
                  000083c6    00000018     ADS1x9x_Nand_Flash.obj (.text:NAND_Reset)
                  000083de    00000018     usb.obj (.text:USB_resume)
                  000083f6    00000016     ADS1x9x_Nand_Flash.obj (.text:Erase_NAND_Flash)
                  0000840c    00000016     rts430x.lib : div16u.obj (.text)
                  00008422    00000016                 : mult16_f5hw.obj (.text)
                  00008438    00000014     ADS1x9x_main.obj (.text:Init_StartUp)
                  0000844c    00000014     usb_eventHandling.obj (.text:USB_handleVbusOnEvent)
                  00008460    00000014     rts430x.lib : memset.obj (.text:memset)
                  00008474    00000012     UsbCdc.obj (.text:CdcIsReceiveInProgress)
                  00008486    00000012     rts430x.lib : memcpy.obj (.text:memcpy)
                  00008498    00000012     usb.obj (.text:usbClearDeviceFeature)
                  000084aa    00000012     usb.obj (.text:usbGetConfigurationDescriptor)
                  000084bc    00000012     usb.obj (.text:usbGetDeviceDescriptor)
                  000084ce    00000012     usb.obj (.text:usbReceiveDataPacketOnEP0)
                  000084e0    00000012     usb.obj (.text:usbSetDeviceFeature)
                  000084f2    00000010     ADS1x9x.obj (.text:ADS1x9x_Clock_Select)
                  00008502    00000010     usb.obj (.text:usbGetConfiguration)
                  00008512    0000000e     ADS1x9x.obj (.text:ADS1x9x_Reset)
                  00008520    0000000e     ADS1x9x_main.obj (.text:Init_KBD)
                  0000852e    0000000e     ADS1x9x_main.obj (.text:Init_TimerA1)
                  0000853c    0000000e     usb.obj (.text:usbSendZeroLengthPacketOnIEP0)
                  0000854a    0000000e     usb.obj (.text:usbSetInterface)
                  00008558    0000000c     usb.obj (.text:usbInvalidRequest)
                  00008564    0000000a     ADS1x9x.obj (.text:Disable_ADS1x9x_DRDY_Interrupt)
                  0000856e    0000000a     ADS1x9x.obj (.text:Enable_ADS1x9x_DRDY_Interrupt)
                  00008578    0000000a     rts430x.lib : abs.obj (.text:abs)
                  00008582    0000000a                 : lsl16.obj (.text)
                  0000858c    0000000a     usb.obj (.text:usbStallEndpoint0)
                  00008596    00000008     ADS1x9x.obj (.text:Init_ADS1x9x_Resource)
                  0000859e    00000008     ADS1x9x.obj (.text:Soft_Stop_ADS1x9x)
                  000085a6    00000008     ADS1x9x.obj (.text:Start_Read_Data_Continuous)
                  000085ae    00000008     ADS1x9x.obj (.text:Stop_Read_Data_Continuous)
                  000085b6    00000008     usb_eventHandling.obj (.text:USBCDC_handleDataReceived)
                  000085be    00000008     usb_eventHandling.obj (.text:USB_handleVbusOffEvent)
                  000085c6    00000008     usb.obj (.text:USB_setEnabledEvents)
                  000085ce    00000008     hal_UCS.obj (.text:XT2_Stop)
                  000085d6    00000008     UsbCdc.obj (.text:usbSetLineCoding)
                  000085de    00000006     ADS1x9x.obj (.text:ADS1x9x_Disable_Start)
                  000085e4    00000006     ADS1x9x.obj (.text:ADS1x9x_Enable_Start)
                  000085ea    00000006     ADS1x9x.obj (.text:Clear_ADS1x9x_Chip_Enable)
                  000085f0    00000006     ADS1x9x.obj (.text:Hard_Stop_ADS1x9x)
                  000085f6    00000006     ADS1x9x.obj (.text:Set_ADS1x9x_Chip_Enable)
                  000085fc    00000006     ADS1x9x.obj (.text:Start_Data_Conv_Command)
                  00008602    00000006     hal_UCS.obj (.text:XT1_Stop)
                  00008608    00000006     usb.obj (.text:usbClearOEP0ByteCount)
                  0000860e    00000006     usb.obj (.text:usbStallOEP0)
                  00008614    00000004     usb_eventHandling.obj (.text:USBCDC_handleReceiveCompleted)
                  00008618    00000004     usb_eventHandling.obj (.text:USBCDC_handleSendCompleted)
                  0000861c    00000004     usb_eventHandling.obj (.text:USB_handleClockEvent)
                  00008620    00000004     usb_eventHandling.obj (.text:USB_handleEnumCompleteEvent)
                  00008624    00000004     usb_eventHandling.obj (.text:USB_handleResetEvent)
                  00008628    00000004     usb_eventHandling.obj (.text:USB_handleResumeEvent)
                  0000862c    00000004     usb_eventHandling.obj (.text:USB_handleSuspendEvent)
                  00008630    00000004     rts430x.lib : pre_init.obj (.text:_system_pre_init)
                  00008634    00000004                 : exit.obj (.text:abort)
                  00008638    00000004     UsbCdc.obj (.text:usbSetControlLineState)
                  0000863c    00000002     rts430x.lib : _lock.obj (.text:_nop)

.const     0    0000863e    00000246     
                  0000863e    0000010a     descriptors.obj (.const:tUsbRequestList)
                  00008748    000000b6     descriptors.obj (.const:.string:abromStringDescriptor)
                  000087fe    00000043     descriptors.obj (.const)
                  00008841    00000001     --HOLE-- [fill = 0]
                  00008842    00000020     ADS1x9x_Nand_Flash.obj (.const:.string:$P$T0$1)
                  00008862    00000012     descriptors.obj (.const:.string:abromDeviceDescriptor)
                  00008874    00000010     descriptors.obj (.const:stUsbHandle)

.int47     0    0000ffde    00000002     
                  0000ffde    00000002     ADS1x9x.obj (.int47)

.int49     0    0000ffe2    00000002     
                  0000ffe2    00000002     ADS1x9x_main.obj (.int49)

.int51     0    0000ffe6    00000002     
                  0000ffe6    00000002     UsbIsr.obj (.int51)

.int55     0    0000ffee    00000002     
                  0000ffee    00000002     ADS1x9x.obj (.int55)

.int61     0    0000fffa    00000002     
                  0000fffa    00000002     ADS1x9x_main.obj (.int61)

.reset     0    0000fffe    00000002     
                  0000fffe    00000002     rts430x.lib : boot.obj (.reset)


GLOBAL SYMBOLS: SORTED ALPHABETICALLY BY Name 

address    name
--------   ----
00002400   .bss
ffffffff   .text
00000700   ADC12CTL0
00000701   ADC12CTL0_H
00000700   ADC12CTL0_L
00000702   ADC12CTL1
00000703   ADC12CTL1_H
00000702   ADC12CTL1_L
00000704   ADC12CTL2
00000705   ADC12CTL2_H
00000704   ADC12CTL2_L
0000070c   ADC12IE
0000070d   ADC12IE_H
0000070c   ADC12IE_L
0000070a   ADC12IFG
0000070b   ADC12IFG_H
0000070a   ADC12IFG_L
0000070e   ADC12IV
0000070f   ADC12IV_H
0000070e   ADC12IV_L
00000710   ADC12MCTL0
00000711   ADC12MCTL1
0000071a   ADC12MCTL10
0000071b   ADC12MCTL11
0000071c   ADC12MCTL12
0000071d   ADC12MCTL13
0000071e   ADC12MCTL14
0000071f   ADC12MCTL15
00000712   ADC12MCTL2
00000713   ADC12MCTL3
00000714   ADC12MCTL4
00000715   ADC12MCTL5
00000716   ADC12MCTL6
00000717   ADC12MCTL7
00000718   ADC12MCTL8
00000719   ADC12MCTL9
00000720   ADC12MEM0
00000721   ADC12MEM0_H
00000720   ADC12MEM0_L
00000722   ADC12MEM1
00000734   ADC12MEM10
00000735   ADC12MEM10_H
00000734   ADC12MEM10_L
00000736   ADC12MEM11
00000737   ADC12MEM11_H
00000736   ADC12MEM11_L
00000738   ADC12MEM12
00000739   ADC12MEM12_H
00000738   ADC12MEM12_L
0000073a   ADC12MEM13
0000073b   ADC12MEM13_H
0000073a   ADC12MEM13_L
0000073c   ADC12MEM14
0000073d   ADC12MEM14_H
0000073c   ADC12MEM14_L
0000073e   ADC12MEM15
0000073f   ADC12MEM15_H
0000073e   ADC12MEM15_L
00000723   ADC12MEM1_H
00000722   ADC12MEM1_L
00000724   ADC12MEM2
00000725   ADC12MEM2_H
00000724   ADC12MEM2_L
00000726   ADC12MEM3
00000727   ADC12MEM3_H
00000726   ADC12MEM3_L
00000728   ADC12MEM4
00000729   ADC12MEM4_H
00000728   ADC12MEM4_L
0000072a   ADC12MEM5
0000072b   ADC12MEM5_H
0000072a   ADC12MEM5_L
0000072c   ADC12MEM6
0000072d   ADC12MEM6_H
0000072c   ADC12MEM6_L
0000072e   ADC12MEM7
0000072f   ADC12MEM7_H
0000072e   ADC12MEM7_L
00000730   ADC12MEM8
00000731   ADC12MEM8_H
00000730   ADC12MEM8_L
00000732   ADC12MEM9
00000733   ADC12MEM9_H
00000732   ADC12MEM9_L
000035f8   ADC_Read_data
00006c9c   ADS1191_Parse_data_packet
00006b30   ADS1192_Parse_data_packet
00006608   ADS1291_Parse_data_packet
00006540   ADS1292x_Parse_data_packet
00003608   ADS129x_SPI_cmd_Flag
00003609   ADS129x_SPI_data_Flag
00003650   ADS1x9xR_Default_Register_Settings
00003640   ADS1x9xRegVal
000084f2   ADS1x9x_Clock_Select
00007b50   ADS1x9x_Default_Reg_Init
00003660   ADS1x9x_Default_Register_Settings
000085de   ADS1x9x_Disable_Start
00003628   ADS1x9x_ECG_Data_buf
000085e4   ADS1x9x_Enable_Start
00005cc4   ADS1x9x_Filtered_ECG
00007f3a   ADS1x9x_Parse_data_packet
00005e16   ADS1x9x_PowerOn_Init
000081c8   ADS1x9x_Read_All_Regs
00007c50   ADS1x9x_Reg_Read
000069c0   ADS1x9x_Reg_Write
00008512   ADS1x9x_Reset
0000828a   ADS1x9x_SPI_Command_Data
0000545c   Accquire_ECG_Samples
00003436   AcqpacketCounter
0000320c   Acquire_NANDAddress
000036dc   BlockNum
00008634   C$$EXIT
000008c0   CBCTL0
000008c1   CBCTL0_H
000008c0   CBCTL0_L
000008c2   CBCTL1
000008c3   CBCTL1_H
000008c2   CBCTL1_L
000008c4   CBCTL2
000008c5   CBCTL2_H
000008c4   CBCTL2_L
000008c6   CBCTL3
000008c7   CBCTL3_H
000008c6   CBCTL3_L
000008cc   CBINT
000008cd   CBINT_H
000008cc   CBINT_L
000008ce   CBIV
00000150   CRCDI
00000152   CRCDIRB
00000153   CRCDIRB_H
00000152   CRCDIRB_L
00000151   CRCDI_H
00000150   CRCDI_L
00000154   CRCINIRES
00000155   CRCINIRES_H
00000154   CRCINIRES_L
00000156   CRCRESR
00000157   CRCRESR_H
00000156   CRCRESR_L
00008474   CdcIsReceiveInProgress
000082de   CdcResetData
0000617e   CdcToBufferFromHost
00005f3c   CdcToHostFromBuffer
000085ea   Clear_ADS1x9x_Chip_Enable
00002438   CoeffBuf_40Hz_LowPass
000026bc   CoeffBuf_50Hz_Notch
0000257a   CoeffBuf_60Hz_Notch
000074f6   CopyUsbToBuff
00000510   DMA0CTL
00000511   DMA0CTL_H
00000510   DMA0CTL_L
00000516   DMA0DA
00000516   DMA0DAL
00000512   DMA0SA
00000512   DMA0SAL
0000051a   DMA0SZ
00000520   DMA1CTL
00000521   DMA1CTL_H
00000520   DMA1CTL_L
00000526   DMA1DA
00000526   DMA1DAL
00000522   DMA1SA
00000522   DMA1SAL
0000052a   DMA1SZ
00000530   DMA2CTL
00000531   DMA2CTL_H
00000530   DMA2CTL_L
00000536   DMA2DA
00000536   DMA2DAL
00000532   DMA2SA
00000532   DMA2SAL
0000053a   DMA2SZ
00000500   DMACTL0
00000501   DMACTL0_H
00000500   DMACTL0_L
00000502   DMACTL1
00000503   DMACTL1_H
00000502   DMACTL1_L
00000504   DMACTL2
00000505   DMACTL2_H
00000504   DMACTL2_L
00000506   DMACTL3
00000507   DMACTL3_H
00000506   DMACTL3_L
00000508   DMACTL4
00000509   DMACTL4_H
00000508   DMACTL4_L
0000050e   DMAIV
0000050f   DMAIV_H
0000050e   DMAIV_L
00004df0   Decode_Recieved_Command
00008564   Disable_ADS1x9x_DRDY_Interrupt
00003438   Dwn_NandReadBuf
00003538   Dwn_head
00003539   Dwn_tail
0000242e   ECGFilteredData
000036e2   ECGPacketAcqHoldPrt
000036e0   ECGPacketAcqPrt
00002426   ECGRawData
00003232   ECGRecorder_data_Buf
000035cc   ECGRxCount
0000358c   ECGRxPacket
0000358a   ECGTxCount
0000354a   ECGTxPacket
0000358b   ECGTxPacketRdy
00003626   ECG_Data_rdy
000075ce   ECG_FilterProcess
000035d4   ECG_Proc_data_cnt
0000684c   ECG_ProcessCurrSample
00006906   ECG_ProcessCurrSample_ch0
000035d6   ECG_REC_Proc_Data_Packet
000035ce   ECG_Recoder_state
00003546   EcgPtr
0000856e   Enable_ADS1x9x_DRDY_Interrupt
000083f6   Erase_NAND_Flash
00000140   FCTL1
00000141   FCTL1_H
00000140   FCTL1_L
00000144   FCTL3
00000145   FCTL3_H
00000144   FCTL3_L
00000146   FCTL4
00000147   FCTL4_H
00000146   FCTL4_L
00003542   FastToggle_Period
00002436   Filter_Option
000081ea   Flash_MT298G08AAAWP_Nand_Read
000083ae   Flash_MT298G08AAAWP_Nand_Read_byte
00007c8e   Flash_MT298G08AAAWP_Nand_Write_8Bytes
000082f8   Flash_MT298G08AAAWP_Nand_Write_Addr
00008312   Flash_MT298G08AAAWP_Nand_Write_Cmd
000080da   Flash_MT298G08AAAWP_init
0000645e   Get_Raw_ECG_Samples_Data_pointer
00007e38   Get_TLV_Info
00002404   HR_flag
0000802a   Handler_SetLineCoding
000085f0   Hard_Stop_ADS1x9x
00003212   HeadrPacket
000082a6   IEP0InterruptHandler
00008582   I_LSL
0000832c   Init_ADS1x9x_DRDY_Interrupt
00008596   Init_ADS1x9x_Resource
00007ea4   Init_Clock
0000637a   Init_FLL
00008520   Init_KBD
00008438   Init_StartUp
0000852e   Init_TimerA1
0000353a   KeyPressed
00007d04   L_ASR_1
00007ce0   L_ASR_10
00007cdc   L_ASR_11
00007cd8   L_ASR_12
00007cd4   L_ASR_13
00007cd0   L_ASR_14
00007ccc   L_ASR_15
00007d00   L_ASR_2
00007cfc   L_ASR_3
00007cf8   L_ASR_4
00007cf4   L_ASR_5
00007cf0   L_ASR_6
00007cec   L_ASR_7
00007ce8   L_ASR_8
00007ce4   L_ASR_9
00007d42   L_LSL_1
00007d1e   L_LSL_10
00007d1a   L_LSL_11
00007d16   L_LSL_12
00007d12   L_LSL_13
00007d0e   L_LSL_14
00007d0a   L_LSL_15
00007d3e   L_LSL_2
00007d3a   L_LSL_3
00007d36   L_LSL_4
00007d32   L_LSL_5
00007d2e   L_LSL_6
00007d2a   L_LSL_7
00007d26   L_LSL_8
00007d22   L_LSL_9
00007d80   L_LSR_1
00007d5c   L_LSR_10
00007d58   L_LSR_11
00007d54   L_LSR_12
00007d50   L_LSR_13
00007d4c   L_LSR_14
00007d48   L_LSR_15
00007d7c   L_LSR_2
00007d78   L_LSR_3
00007d74   L_LSR_4
00007d70   L_LSR_5
00007d6c   L_LSR_6
00007d68   L_LSR_7
00007d64   L_LSR_8
00007d60   L_LSR_9
0000353d   LeadStatus
00003549   Live_Streaming_flag
000004c4   MAC
000004da   MAC32H
000004db   MAC32H_H
000004da   MAC32H_L
000004d8   MAC32L
000004d9   MAC32L_H
000004d8   MAC32L_L
000004c6   MACS
000004de   MACS32H
000004df   MACS32H_H
000004de   MACS32H_L
000004dc   MACS32L
000004dd   MACS32L_H
000004dc   MACS32L_L
000004c7   MACS_H
000004c6   MACS_L
000004c5   MAC_H
000004c4   MAC_L
000004c0   MPY
000004ec   MPY32CTL0
000004ed   MPY32CTL0_H
000004ec   MPY32CTL0_L
000004d2   MPY32H
000004d3   MPY32H_H
000004d2   MPY32H_L
000004d0   MPY32L
000004d1   MPY32L_H
000004d0   MPY32L_L
000004c2   MPYS
000004d6   MPYS32H
000004d7   MPYS32H_H
000004d6   MPYS32H_L
000004d4   MPYS32L
000004d5   MPYS32L_H
000004d4   MPYS32L_L
000004c3   MPYS_H
000004c2   MPYS_L
000004c1   MPY_H
000004c0   MPY_L
000078a2   NAND_EraseBlock
00008346   NAND_Init
000079ac   NAND_ProgramPageRandom
000082c2   NAND_ProgramPageRandomLast
00007112   NAND_ProgramPageRandomStart
00006a78   NAND_ReadPage
000077da   NAND_ReadPageRandom
00006d50   NAND_ReadPageRandomStart
00007f6a   NAND_ReadStatus
000083c6   NAND_Reset
000036da   NumFrames
000036db   NumFrames1
000036d6   NumPackets
00008058   OEP0InterruptHandler
000004c8   OP2
000004e2   OP2H
000004e3   OP2H_H
000004e2   OP2H_L
000004e0   OP2L
000004e1   OP2L_H
000004e0   OP2L_L
000004c9   OP2_H
000004c8   OP2_L
0000020e   P1IV
0000021e   P2IV
000001e0   P4MAP01
000001e1   P4MAP01_H
000001e0   P4MAP01_L
000001e2   P4MAP23
000001e3   P4MAP23_H
000001e2   P4MAP23_L
000001e4   P4MAP45
000001e5   P4MAP45_H
000001e4   P4MAP45_L
000001e6   P4MAP67
000001e7   P4MAP67_H
000001e6   P4MAP67_L
00000204   PADIR
00000205   PADIR_H
00000204   PADIR_L
00000208   PADS
00000209   PADS_H
00000208   PADS_L
0000021a   PAIE
00000218   PAIES
00000219   PAIES_H
00000218   PAIES_L
0000021b   PAIE_H
0000021a   PAIE_L
0000021c   PAIFG
0000021d   PAIFG_H
0000021c   PAIFG_L
00000200   PAIN
00000201   PAIN_H
00000200   PAIN_L
00000202   PAOUT
00000203   PAOUT_H
00000202   PAOUT_L
00000206   PAREN
00000207   PAREN_H
00000206   PAREN_L
0000020a   PASEL
0000020b   PASEL_H
0000020a   PASEL_L
00000224   PBDIR
00000225   PBDIR_H
00000224   PBDIR_L
00000228   PBDS
00000229   PBDS_H
00000228   PBDS_L
00000220   PBIN
00000221   PBIN_H
00000220   PBIN_L
00000222   PBOUT
00000223   PBOUT_H
00000222   PBOUT_L
00000226   PBREN
00000227   PBREN_H
00000226   PBREN_L
0000022a   PBSEL
0000022b   PBSEL_H
0000022a   PBSEL_L
00000244   PCDIR
00000245   PCDIR_H
00000244   PCDIR_L
00000248   PCDS
00000249   PCDS_H
00000248   PCDS_L
00000240   PCIN
00000241   PCIN_H
00000240   PCIN_L
00000242   PCOUT
00000243   PCOUT_H
00000242   PCOUT_L
00000246   PCREN
00000247   PCREN_H
00000246   PCREN_L
0000024a   PCSEL
0000024b   PCSEL_H
0000024a   PCSEL_L
00000264   PDDIR
00000265   PDDIR_H
00000264   PDDIR_L
00000268   PDDS
00000269   PDDS_H
00000268   PDDS_L
00000260   PDIN
00000261   PDIN_H
00000260   PDIN_L
00000262   PDOUT
00000263   PDOUT_H
00000262   PDOUT_L
00000266   PDREN
00000267   PDREN_H
00000266   PDREN_L
0000026a   PDSEL
0000026b   PDSEL_H
0000026a   PDSEL_L
00000324   PJDIR
00000325   PJDIR_H
00000324   PJDIR_L
00000328   PJDS
00000329   PJDS_H
00000328   PJDS_L
00000320   PJIN
00000321   PJIN_H
00000320   PJIN_L
00000322   PJOUT
00000323   PJOUT_H
00000322   PJOUT_L
00000326   PJREN
00000327   PJREN_H
00000326   PJREN_L
00000130   PM5CTL0
00000131   PM5CTL0_H
00000130   PM5CTL0_L
000001c2   PMAPCTL
000001c3   PMAPCTL_H
000001c2   PMAPCTL_L
000001c0   PMAPKEYID
000001c1   PMAPKEYID_H
000001c0   PMAPKEYID_L
00000120   PMMCTL0
00000121   PMMCTL0_H
00000120   PMMCTL0_L
00000122   PMMCTL1
00000123   PMMCTL1_H
00000122   PMMCTL1_L
0000012c   PMMIFG
0000012d   PMMIFG_H
0000012c   PMMIFG_L
0000012e   PMMRIE
0000012f   PMMRIE_H
0000012e   PMMRIE_L
00007acc   PWRVBUSoffHandler
00007f9a   PWRVBUSonHandler
00004dcc   Port_1
00007638   QRS_Algorithm_Interface
0000240e   QRS_Current_Sample
00002402   QRS_Heart_Rate
00002410   QRS_Next_Sample
0000240c   QRS_Prev_Sample
00002412   QRS_Second_Next_Sample
0000240a   QRS_Second_Prev_Sample
00002408   QRS_Threshold_New
00002406   QRS_Threshold_Old
00000158   RCCTL0
00000159   RCCTL0_H
00000158   RCCTL0_L
000001b0   REFCTL0
000001b1   REFCTL0_H
000001b0   REFCTL0_L
000004e4   RES0
000004e5   RES0_H
000004e4   RES0_L
000004e6   RES1
000004e7   RES1_H
000004e6   RES1_L
000004e8   RES2
000004e9   RES2_H
000004e8   RES2_L
000004ea   RES3
000004eb   RES3_H
000004ea   RES3_L
000004cc   RESHI
000004cd   RESHI_H
000004cc   RESHI_L
000004ca   RESLO
000004cb   RESLO_H
000004ca   RESLO_L
00007330   RESP_Algorithm_Interface
00002d78   RESP_Current_Sample
00002d7a   RESP_Next_Sample
00002d76   RESP_Prev_Sample
00002d7c   RESP_Second_Next_Sample
00002d74   RESP_Second_Prev_Sample
00002d7e   RESP_WorkingBuff
000004ba   RTCADOWDAY
000004bb   RTCADOWDAY_H
000004ba   RTCADOWDAY_L
000004b8   RTCAMINHR
000004b9   RTCAMINHR_H
000004b8   RTCAMINHR_L
000004a0   RTCCTL01
000004a1   RTCCTL01_H
000004a0   RTCCTL01_L
000004a2   RTCCTL23
000004a3   RTCCTL23_H
000004a2   RTCCTL23_L
000004b4   RTCDATE
000004b5   RTCDATE_H
000004b4   RTCDATE_L
000004ae   RTCIV
000004ac   RTCPS
000004a8   RTCPS0CTL
000004a9   RTCPS0CTL_H
000004a8   RTCPS0CTL_L
000004aa   RTCPS1CTL
000004ab   RTCPS1CTL_H
000004aa   RTCPS1CTL_L
000004ad   RTCPS_H
000004ac   RTCPS_L
000004b0   RTCTIM0
000004b1   RTCTIM0_H
000004b0   RTCTIM0_L
000004b2   RTCTIM1
000004b3   RTCTIM1_H
000004b2   RTCTIM1_L
000004b6   RTCYEAR
000004b7   RTCYEAR_H
000004b6   RTCYEAR_L
00003206   Read_Recorder_NANDAddress
00003200   Recorder_NANDAddress
00003432   Recorder_head
00003433   Recorder_tail
000036d8   ReqSamples
0000353c   Req_Dwnld_occured
00003002   RespCoeffBuf
00006eb8   Resp_ProcessCurrSample
00002d72   Respiration_Rate
00005668   Respiration_Rate_Detection
00000100   SFRIE1
00000101   SFRIE1_H
00000100   SFRIE1_L
00000102   SFRIFG1
00000103   SFRIFG1_H
00000102   SFRIFG1_L
00000104   SFRRPCR
00000105   SFRRPCR_H
00000104   SFRRPCR_L
00003624   SPI_Rx_Count
00003616   SPI_Rx_Data_Flag
00003618   SPI_Rx_buf
00003625   SPI_Rx_exp_Count
0000360a   SPI_Send_count
0000360b   SPI_Tx_Count
0000360c   SPI_Tx_buf
000004ce   SUMEXT
000004cf   SUMEXT_H
000004ce   SUMEXT_L
00000124   SVSMHCTL
00000125   SVSMHCTL_H
00000124   SVSMHCTL_L
00000128   SVSMIO
00000129   SVSMIO_H
00000128   SVSMIO_L
00000126   SVSMLCTL
00000127   SVSMLCTL_H
00000126   SVSMLCTL_L
00000198   SYSBERRIV
00000199   SYSBERRIV_H
00000198   SYSBERRIV_L
00000182   SYSBSLC
00000183   SYSBSLC_H
00000182   SYSBSLC_L
00000180   SYSCTL
00000181   SYSCTL_H
00000180   SYSCTL_L
00000186   SYSJMBC
00000187   SYSJMBC_H
00000186   SYSJMBC_L
00000188   SYSJMBI0
00000189   SYSJMBI0_H
00000188   SYSJMBI0_L
0000018a   SYSJMBI1
0000018b   SYSJMBI1_H
0000018a   SYSJMBI1_L
0000018c   SYSJMBO0
0000018d   SYSJMBO0_H
0000018c   SYSJMBO0_L
0000018e   SYSJMBO1
0000018f   SYSJMBO1_H
0000018e   SYSJMBO1_L
0000019e   SYSRSTIV
0000019f   SYSRSTIV_H
0000019e   SYSRSTIV_L
0000019c   SYSSNIV
0000019d   SYSSNIV_H
0000019c   SYSSNIV_L
0000019a   SYSUNIV
0000019b   SYSUNIV_H
0000019a   SYSUNIV_L
00006284   Send_Acquired_ECG_Samples_to_USB
00005816   Send_Recorded_ECG_Samples_to_USB
00007d86   SetVCore
000085f6   Set_ADS1x9x_Chip_Enable
00008102   Set_Device_out_bytes
000080b0   Set_GPIO
00007fca   Set_UCB0_SPI
000079fa   SetupPacketInterruptHandler
00003540   SlowToggle_Period
0000859e   Soft_Stop_ADS1x9x
000085fc   Start_Data_Conv_Command
000085a6   Start_Read_Data_Continuous
00002414   Start_Sample_Count_Flag
000085ae   Stop_Read_Data_Continuous
00007488   Store_Acquired_ECG_Samples_to_Flash
00006f56   Store_Processed_ECG_Samples_to_Flash
000036e4   Store_data_rdy
00006e04   Stream_ECG_data_packets
00000352   TA0CCR0
00000354   TA0CCR1
00000356   TA0CCR2
00000358   TA0CCR3
0000035a   TA0CCR4
00000342   TA0CCTL0
00000344   TA0CCTL1
00000346   TA0CCTL2
00000348   TA0CCTL3
0000034a   TA0CCTL4
00000340   TA0CTL
00000360   TA0EX0
0000036e   TA0IV
00000350   TA0R
00000392   TA1CCR0
00000394   TA1CCR1
00000396   TA1CCR2
00000382   TA1CCTL0
00000384   TA1CCTL1
00000386   TA1CCTL2
00000380   TA1CTL
000003a0   TA1EX0
000003ae   TA1IV
00000390   TA1R
00000412   TA2CCR0
00000414   TA2CCR1
00000416   TA2CCR2
00000402   TA2CCTL0
00000404   TA2CCTL1
00000406   TA2CCTL2
00000400   TA2CTL
00000420   TA2EX0
0000042e   TA2IV
00000410   TA2R
000003d2   TB0CCR0
000003d4   TB0CCR1
000003d6   TB0CCR2
000003d8   TB0CCR3
000003da   TB0CCR4
000003dc   TB0CCR5
000003de   TB0CCR6
000003c2   TB0CCTL0
000003c4   TB0CCTL1
000003c6   TB0CCTL2
000003c8   TB0CCTL3
000003ca   TB0CCTL4
000003cc   TB0CCTL5
000003ce   TB0CCTL6
000003c0   TB0CTL
000003e0   TB0EX0
000003ee   TB0IV
000003d0   TB0R
00004cb6   TIMER1_A0_ISR
00003544   Two_5millisec_Period
000005d0   UCA0ABCTL
000005c6   UCA0BRW
000005c7   UCA0BRW_H
000005c6   UCA0BRW_L
000005c0   UCA0CTLW0
000005c1   UCA0CTLW0_H
000005c0   UCA0CTLW0_L
000005dc   UCA0ICTL
000005dd   UCA0ICTL_H
000005dc   UCA0ICTL_L
000005d2   UCA0IRCTL
000005d3   UCA0IRCTL_H
000005d2   UCA0IRCTL_L
000005de   UCA0IV
000005c8   UCA0MCTL
000005cc   UCA0RXBUF
000005ca   UCA0STAT
000005ce   UCA0TXBUF
00000610   UCA1ABCTL
00000606   UCA1BRW
00000607   UCA1BRW_H
00000606   UCA1BRW_L
00000600   UCA1CTLW0
00000601   UCA1CTLW0_H
00000600   UCA1CTLW0_L
0000061c   UCA1ICTL
0000061d   UCA1ICTL_H
0000061c   UCA1ICTL_L
00000612   UCA1IRCTL
00000613   UCA1IRCTL_H
00000612   UCA1IRCTL_L
0000061e   UCA1IV
00000608   UCA1MCTL
0000060c   UCA1RXBUF
0000060a   UCA1STAT
0000060e   UCA1TXBUF
000005e6   UCB0BRW
000005e7   UCB0BRW_H
000005e6   UCB0BRW_L
000005e0   UCB0CTLW0
000005e1   UCB0CTLW0_H
000005e0   UCB0CTLW0_L
000005f0   UCB0I2COA
000005f1   UCB0I2COA_H
000005f0   UCB0I2COA_L
000005f2   UCB0I2CSA
000005f3   UCB0I2CSA_H
000005f2   UCB0I2CSA_L
000005fc   UCB0ICTL
000005fd   UCB0ICTL_H
000005fc   UCB0ICTL_L
000005fe   UCB0IV
000005ec   UCB0RXBUF
000005ea   UCB0STAT
000005ee   UCB0TXBUF
00000626   UCB1BRW
00000627   UCB1BRW_H
00000626   UCB1BRW_L
00000620   UCB1CTLW0
00000621   UCB1CTLW0_H
00000620   UCB1CTLW0_L
00000630   UCB1I2COA
00000631   UCB1I2COA_H
00000630   UCB1I2COA_L
00000632   UCB1I2CSA
00000633   UCB1I2CSA_H
00000632   UCB1I2CSA_L
0000063c   UCB1ICTL
0000063d   UCB1ICTL_H
0000063c   UCB1ICTL_L
0000063e   UCB1IV
0000062c   UCB1RXBUF
0000062a   UCB1STAT
0000062e   UCB1TXBUF
00000160   UCSCTL0
00000161   UCSCTL0_H
00000160   UCSCTL0_L
00000162   UCSCTL1
00000163   UCSCTL1_H
00000162   UCSCTL1_L
00000164   UCSCTL2
00000165   UCSCTL2_H
00000164   UCSCTL2_L
00000166   UCSCTL3
00000167   UCSCTL3_H
00000166   UCSCTL3_L
00000168   UCSCTL4
00000169   UCSCTL4_H
00000168   UCSCTL4_L
0000016a   UCSCTL5
0000016b   UCSCTL5_H
0000016a   UCSCTL5_L
0000016c   UCSCTL6
0000016d   UCSCTL6_H
0000016c   UCSCTL6_L
0000016e   UCSCTL7
0000016f   UCSCTL7_H
0000016e   UCSCTL7_L
00000170   UCSCTL8
00000171   UCSCTL8_H
00000170   UCSCTL8_L
00004d3a   UNMI_ISR
000073a4   USBCDC_bytesInUSBBuffer
000085b6   USBCDC_handleDataReceived
00008614   USBCDC_handleReceiveCompleted
00008618   USBCDC_handleSendCompleted
000072ae   USBCDC_intfStatus
000059ae   USBCDC_receiveData
0000783e   USBCDC_sendData
00000902   USBCNF
00000903   USBCNF_H
00000902   USBCNF_L
0000093c   USBCTL
0000093a   USBFN
0000093b   USBFN_H
0000093a   USBFN_L
0000093f   USBFUNADR
0000093d   USBIE
00002378   USBIEP0BUF
000023c9   USBIEPBBAX_1
000023d1   USBIEPBBAX_2
000023d9   USBIEPBBAX_3
000023e1   USBIEPBBAX_4
000023e9   USBIEPBBAX_5
000023f1   USBIEPBBAX_6
000023f9   USBIEPBBAX_7
000023cd   USBIEPBBAY_1
000023d5   USBIEPBBAY_2
000023dd   USBIEPBBAY_3
000023e5   USBIEPBBAY_4
000023ed   USBIEPBBAY_5
000023f5   USBIEPBBAY_6
000023fd   USBIEPBBAY_7
000023ca   USBIEPBCTX_1
000023d2   USBIEPBCTX_2
000023da   USBIEPBCTX_3
000023e2   USBIEPBCTX_4
000023ea   USBIEPBCTX_5
000023f2   USBIEPBCTX_6
000023fa   USBIEPBCTX_7
000023ce   USBIEPBCTY_1
000023d6   USBIEPBCTY_2
000023de   USBIEPBCTY_3
000023e6   USBIEPBCTY_4
000023ee   USBIEPBCTY_5
000023f6   USBIEPBCTY_6
000023fe   USBIEPBCTY_7
00000920   USBIEPCNF_0
000023c8   USBIEPCNF_1
000023d0   USBIEPCNF_2
000023d8   USBIEPCNF_3
000023e0   USBIEPCNF_4
000023e8   USBIEPCNF_5
000023f0   USBIEPCNF_6
000023f8   USBIEPCNF_7
00000921   USBIEPCNT_0
0000092e   USBIEPIE
00000930   USBIEPIFG
000023cf   USBIEPSIZXY_1
000023d7   USBIEPSIZXY_2
000023df   USBIEPSIZXY_3
000023e7   USBIEPSIZXY_4
000023ef   USBIEPSIZXY_5
000023f7   USBIEPSIZXY_6
000023ff   USBIEPSIZXY_7
0000093e   USBIFG
00000900   USBKEYID
00000901   USBKEYID_H
00000900   USBKEYID_L
00000936   USBMAINT
00000937   USBMAINT_H
00000936   USBMAINT_L
00002370   USBOEP0BUF
00002389   USBOEPBBAX_1
00002391   USBOEPBBAX_2
00002399   USBOEPBBAX_3
000023a1   USBOEPBBAX_4
000023a9   USBOEPBBAX_5
000023b1   USBOEPBBAX_6
000023b9   USBOEPBBAX_7
0000238d   USBOEPBBAY_1
00002395   USBOEPBBAY_2
0000239d   USBOEPBBAY_3
000023a5   USBOEPBBAY_4
000023ad   USBOEPBBAY_5
000023b5   USBOEPBBAY_6
000023bd   USBOEPBBAY_7
0000238a   USBOEPBCTX_1
00002392   USBOEPBCTX_2
0000239a   USBOEPBCTX_3
000023a2   USBOEPBCTX_4
000023aa   USBOEPBCTX_5
000023b2   USBOEPBCTX_6
000023ba   USBOEPBCTX_7
0000238e   USBOEPBCTY_1
00002396   USBOEPBCTY_2
0000239e   USBOEPBCTY_3
000023a6   USBOEPBCTY_4
000023ae   USBOEPBCTY_5
000023b6   USBOEPBCTY_6
000023be   USBOEPBCTY_7
00000922   USBOEPCNF_0
00002388   USBOEPCNF_1
00002390   USBOEPCNF_2
00002398   USBOEPCNF_3
000023a0   USBOEPCNF_4
000023a8   USBOEPCNF_5
000023b0   USBOEPCNF_6
000023b8   USBOEPCNF_7
00000923   USBOEPCNT_0
0000092f   USBOEPIE
00000931   USBOEPIFG
0000238f   USBOEPSIZXY_1
00002397   USBOEPSIZXY_2
0000239f   USBOEPSIZXY_3
000023a7   USBOEPSIZXY_4
000023af   USBOEPSIZXY_5
000023b7   USBOEPSIZXY_6
000023bf   USBOEPSIZXY_7
00000904   USBPHYCTL
00000905   USBPHYCTL_H
00000904   USBPHYCTL_L
00000910   USBPLLCTL
00000911   USBPLLCTL_H
00000910   USBPLLCTL_L
00000912   USBPLLDIVB
00000913   USBPLLDIVB_H
00000912   USBPLLDIVB_L
00000914   USBPLLIR
00000915   USBPLLIR_H
00000914   USBPLLIR_L
00000908   USBPWRCTL
00000909   USBPWRCTL_H
00000908   USBPWRCTL_L
00001c00   USBSTABUFF
00002380   USBSUBLK
0000236f   USBTOPBUFF
00000938   USBTSREG
00000939   USBTSREG_H
00000938   USBTSREG_L
00000932   USBVECINT
00000933   USBVECINT_H
00000932   USBVECINT_L
000066ce   USB_InitSerialStringDescriptor
000036ea   USB_RX_memcpy
000036e6   USB_TX_memcpy
0000812a   USB_connect
00007ed6   USB_connectionInfo
00006fec   USB_connectionState
0000820c   USB_disable
0000722a   USB_enable
0000861c   USB_handleClockEvent
00008620   USB_handleEnumCompleteEvent
00008624   USB_handleResetEvent
00008628   USB_handleResumeEvent
0000862c   USB_handleSuspendEvent
000085be   USB_handleVbusOffEvent
0000844c   USB_handleVbusOnEvent
0000795a   USB_init
00008152   USB_initMemcpy
0000605e   USB_reset
000083de   USB_resume
000085c6   USB_setEnabledEvents
00007f08   USB_suspend
00004d70   USCI_B0_ISR
0000015c   WDTCTL
0000015d   WDTCTL_H
0000015c   WDTCTL_L
00008602   XT1_Stop
0000824e   XT2_Start
000085ce   XT2_Stop
00004400   __STACK_END
000000a0   __STACK_SIZE
00000001   __TI_args_main
00000001   __TI_auto_init
00000001   __TI_exit
ffffffff   __binit__
00002400   __bss__
ffffffff   __c_args__
00004400   __cinit__
00008084   __divi
00007b90   __divli
0000840c   __divu
00007902   __divul
000036fe   __end__
ffffffff   __etext__
00007e6e   __fs_itof
00006be6   __fs_mpy
0000770c   __fs_toi
00008422   __mpyi_f5hw
ffffffff   __pinit__
00008084   __remi
00007b90   __remli
0000840c   __remu
00007902   __remul
ffffffff   __text__
00007a40   _auto_init
00004da2   _c_int00
00004da2   _c_int00_noexit
000036f6   _cleanup_ptr
000036fa   _dtors_ptr
000036ee   _lock
0000863c   _nop
0000fffe   _reset_vector
00004360   _stack
00008630   _system_pre_init
000036f2   _unlock
00002378   abIEP0Buffer
00002370   abOEP0Buffer
00003684   abUsbRequestIncomingData
0000367c   abUsbRequestReturnData
00008634   abort
0000368c   abramSerialStringDescriptor
000087fe   abromConfigurationDescriptorGroup
00008862   abromDeviceDescriptor
00008748   abromStringDescriptor
00008578   abs
0000353e   bCDCDataReceived_event
000036b0   bEnumerationStatus
000036af   bFunctionSuspended
000036ae   bStatusAction
ffffffff   binit
00007dfe   cdc_receiveDataInBuffer
000076a2   cdc_sendDataInBackground
00004400   cinit
000035cd   dumy
000036fe   end
ffffffff   etext
00002415   first_peak_detect
00004b8e   iUsbInterruptHandler
0000353b   keyCount
00005170   main
00008486   memcpy
00007ffa   memcpyDMA0
00008460   memset
00003434   packetCounter
00001c00   pbXBufferAddressEp1
00001d00   pbXBufferAddressEp2
00001e00   pbXBufferAddressEp3
00001c80   pbXBufferAddressEp81
00001d80   pbXBufferAddressEp82
00001c40   pbYBufferAddressEp1
00001d40   pbYBufferAddressEp2
00001cc0   pbYBufferAddressEp81
00001dc0   pbYBufferAddressEp82
ffffffff   pinit
00003548   regval
00002416   sample_count
00002418   sample_index
00008874   stUsbHandle
0000817a   strncmp
000036de   t1
00000920   tEndPoint0DescriptorBlock
000023c8   tInputEndPointDescriptorBlock
00002388   tOutputEndPointDescriptorBlock
00002380   tSetupPacket
0000863e   tUsbRequestList
000035d2   timeCtr
00008498   usbClearDeviceFeature
00007dc2   usbClearEndpointFeature
00008608   usbClearOEP0ByteCount
00007082   usbDecodeAndProcessUsbRequest
00008502   usbGetConfiguration
000084aa   usbGetConfigurationDescriptor
000084bc   usbGetDeviceDescriptor
000081a2   usbGetDeviceStatus
00007562   usbGetEndpointStatus
00008360   usbGetInterface
0000837a   usbGetInterfaceStatus
00007bd0   usbGetLineCoding
00007c10   usbGetStringDescriptor
00008558   usbInvalidRequest
000084ce   usbReceiveDataPacketOnEP0
00007a86   usbReceiveNextPacketOnOEP0
0000822e   usbSendDataPacketOnEP0
00007418   usbSendNextPacketOnIEP0
0000853c   usbSendZeroLengthPacketOnIEP0
00008394   usbSetAddress
0000826c   usbSetConfiguration
00008638   usbSetControlLineState
000084e0   usbSetDeviceFeature
00007b0e   usbSetEndpointFeature
0000854a   usbSetInterface
000085d6   usbSetLineCoding
0000858c   usbStallEndpoint0
0000860e   usbStallOEP0
00003672   wBytesRemainingOnIEP0
00003674   wBytesRemainingOnOEP0
000036b2   wUsbEventMask


GLOBAL SYMBOLS: SORTED BY Symbol Address 

address    name
--------   ----
00000001   __TI_args_main
00000001   __TI_auto_init
00000001   __TI_exit
000000a0   __STACK_SIZE
00000100   SFRIE1
00000100   SFRIE1_L
00000101   SFRIE1_H
00000102   SFRIFG1
00000102   SFRIFG1_L
00000103   SFRIFG1_H
00000104   SFRRPCR
00000104   SFRRPCR_L
00000105   SFRRPCR_H
00000120   PMMCTL0
00000120   PMMCTL0_L
00000121   PMMCTL0_H
00000122   PMMCTL1
00000122   PMMCTL1_L
00000123   PMMCTL1_H
00000124   SVSMHCTL
00000124   SVSMHCTL_L
00000125   SVSMHCTL_H
00000126   SVSMLCTL
00000126   SVSMLCTL_L
00000127   SVSMLCTL_H
00000128   SVSMIO
00000128   SVSMIO_L
00000129   SVSMIO_H
0000012c   PMMIFG
0000012c   PMMIFG_L
0000012d   PMMIFG_H
0000012e   PMMRIE
0000012e   PMMRIE_L
0000012f   PMMRIE_H
00000130   PM5CTL0
00000130   PM5CTL0_L
00000131   PM5CTL0_H
00000140   FCTL1
00000140   FCTL1_L
00000141   FCTL1_H
00000144   FCTL3
00000144   FCTL3_L
00000145   FCTL3_H
00000146   FCTL4
00000146   FCTL4_L
00000147   FCTL4_H
00000150   CRCDI
00000150   CRCDI_L
00000151   CRCDI_H
00000152   CRCDIRB
00000152   CRCDIRB_L
00000153   CRCDIRB_H
00000154   CRCINIRES
00000154   CRCINIRES_L
00000155   CRCINIRES_H
00000156   CRCRESR
00000156   CRCRESR_L
00000157   CRCRESR_H
00000158   RCCTL0
00000158   RCCTL0_L
00000159   RCCTL0_H
0000015c   WDTCTL
0000015c   WDTCTL_L
0000015d   WDTCTL_H
00000160   UCSCTL0
00000160   UCSCTL0_L
00000161   UCSCTL0_H
00000162   UCSCTL1
00000162   UCSCTL1_L
00000163   UCSCTL1_H
00000164   UCSCTL2
00000164   UCSCTL2_L
00000165   UCSCTL2_H
00000166   UCSCTL3
00000166   UCSCTL3_L
00000167   UCSCTL3_H
00000168   UCSCTL4
00000168   UCSCTL4_L
00000169   UCSCTL4_H
0000016a   UCSCTL5
0000016a   UCSCTL5_L
0000016b   UCSCTL5_H
0000016c   UCSCTL6
0000016c   UCSCTL6_L
0000016d   UCSCTL6_H
0000016e   UCSCTL7
0000016e   UCSCTL7_L
0000016f   UCSCTL7_H
00000170   UCSCTL8
00000170   UCSCTL8_L
00000171   UCSCTL8_H
00000180   SYSCTL
00000180   SYSCTL_L
00000181   SYSCTL_H
00000182   SYSBSLC
00000182   SYSBSLC_L
00000183   SYSBSLC_H
00000186   SYSJMBC
00000186   SYSJMBC_L
00000187   SYSJMBC_H
00000188   SYSJMBI0
00000188   SYSJMBI0_L
00000189   SYSJMBI0_H
0000018a   SYSJMBI1
0000018a   SYSJMBI1_L
0000018b   SYSJMBI1_H
0000018c   SYSJMBO0
0000018c   SYSJMBO0_L
0000018d   SYSJMBO0_H
0000018e   SYSJMBO1
0000018e   SYSJMBO1_L
0000018f   SYSJMBO1_H
00000198   SYSBERRIV
00000198   SYSBERRIV_L
00000199   SYSBERRIV_H
0000019a   SYSUNIV
0000019a   SYSUNIV_L
0000019b   SYSUNIV_H
0000019c   SYSSNIV
0000019c   SYSSNIV_L
0000019d   SYSSNIV_H
0000019e   SYSRSTIV
0000019e   SYSRSTIV_L
0000019f   SYSRSTIV_H
000001b0   REFCTL0
000001b0   REFCTL0_L
000001b1   REFCTL0_H
000001c0   PMAPKEYID
000001c0   PMAPKEYID_L
000001c1   PMAPKEYID_H
000001c2   PMAPCTL
000001c2   PMAPCTL_L
000001c3   PMAPCTL_H
000001e0   P4MAP01
000001e0   P4MAP01_L
000001e1   P4MAP01_H
000001e2   P4MAP23
000001e2   P4MAP23_L
000001e3   P4MAP23_H
000001e4   P4MAP45
000001e4   P4MAP45_L
000001e5   P4MAP45_H
000001e6   P4MAP67
000001e6   P4MAP67_L
000001e7   P4MAP67_H
00000200   PAIN
00000200   PAIN_L
00000201   PAIN_H
00000202   PAOUT
00000202   PAOUT_L
00000203   PAOUT_H
00000204   PADIR
00000204   PADIR_L
00000205   PADIR_H
00000206   PAREN
00000206   PAREN_L
00000207   PAREN_H
00000208   PADS
00000208   PADS_L
00000209   PADS_H
0000020a   PASEL
0000020a   PASEL_L
0000020b   PASEL_H
0000020e   P1IV
00000218   PAIES
00000218   PAIES_L
00000219   PAIES_H
0000021a   PAIE
0000021a   PAIE_L
0000021b   PAIE_H
0000021c   PAIFG
0000021c   PAIFG_L
0000021d   PAIFG_H
0000021e   P2IV
00000220   PBIN
00000220   PBIN_L
00000221   PBIN_H
00000222   PBOUT
00000222   PBOUT_L
00000223   PBOUT_H
00000224   PBDIR
00000224   PBDIR_L
00000225   PBDIR_H
00000226   PBREN
00000226   PBREN_L
00000227   PBREN_H
00000228   PBDS
00000228   PBDS_L
00000229   PBDS_H
0000022a   PBSEL
0000022a   PBSEL_L
0000022b   PBSEL_H
00000240   PCIN
00000240   PCIN_L
00000241   PCIN_H
00000242   PCOUT
00000242   PCOUT_L
00000243   PCOUT_H
00000244   PCDIR
00000244   PCDIR_L
00000245   PCDIR_H
00000246   PCREN
00000246   PCREN_L
00000247   PCREN_H
00000248   PCDS
00000248   PCDS_L
00000249   PCDS_H
0000024a   PCSEL
0000024a   PCSEL_L
0000024b   PCSEL_H
00000260   PDIN
00000260   PDIN_L
00000261   PDIN_H
00000262   PDOUT
00000262   PDOUT_L
00000263   PDOUT_H
00000264   PDDIR
00000264   PDDIR_L
00000265   PDDIR_H
00000266   PDREN
00000266   PDREN_L
00000267   PDREN_H
00000268   PDDS
00000268   PDDS_L
00000269   PDDS_H
0000026a   PDSEL
0000026a   PDSEL_L
0000026b   PDSEL_H
00000320   PJIN
00000320   PJIN_L
00000321   PJIN_H
00000322   PJOUT
00000322   PJOUT_L
00000323   PJOUT_H
00000324   PJDIR
00000324   PJDIR_L
00000325   PJDIR_H
00000326   PJREN
00000326   PJREN_L
00000327   PJREN_H
00000328   PJDS
00000328   PJDS_L
00000329   PJDS_H
00000340   TA0CTL
00000342   TA0CCTL0
00000344   TA0CCTL1
00000346   TA0CCTL2
00000348   TA0CCTL3
0000034a   TA0CCTL4
00000350   TA0R
00000352   TA0CCR0
00000354   TA0CCR1
00000356   TA0CCR2
00000358   TA0CCR3
0000035a   TA0CCR4
00000360   TA0EX0
0000036e   TA0IV
00000380   TA1CTL
00000382   TA1CCTL0
00000384   TA1CCTL1
00000386   TA1CCTL2
00000390   TA1R
00000392   TA1CCR0
00000394   TA1CCR1
00000396   TA1CCR2
000003a0   TA1EX0
000003ae   TA1IV
000003c0   TB0CTL
000003c2   TB0CCTL0
000003c4   TB0CCTL1
000003c6   TB0CCTL2
000003c8   TB0CCTL3
000003ca   TB0CCTL4
000003cc   TB0CCTL5
000003ce   TB0CCTL6
000003d0   TB0R
000003d2   TB0CCR0
000003d4   TB0CCR1
000003d6   TB0CCR2
000003d8   TB0CCR3
000003da   TB0CCR4
000003dc   TB0CCR5
000003de   TB0CCR6
000003e0   TB0EX0
000003ee   TB0IV
00000400   TA2CTL
00000402   TA2CCTL0
00000404   TA2CCTL1
00000406   TA2CCTL2
00000410   TA2R
00000412   TA2CCR0
00000414   TA2CCR1
00000416   TA2CCR2
00000420   TA2EX0
0000042e   TA2IV
000004a0   RTCCTL01
000004a0   RTCCTL01_L
000004a1   RTCCTL01_H
000004a2   RTCCTL23
000004a2   RTCCTL23_L
000004a3   RTCCTL23_H
000004a8   RTCPS0CTL
000004a8   RTCPS0CTL_L
000004a9   RTCPS0CTL_H
000004aa   RTCPS1CTL
000004aa   RTCPS1CTL_L
000004ab   RTCPS1CTL_H
000004ac   RTCPS
000004ac   RTCPS_L
000004ad   RTCPS_H
000004ae   RTCIV
000004b0   RTCTIM0
000004b0   RTCTIM0_L
000004b1   RTCTIM0_H
000004b2   RTCTIM1
000004b2   RTCTIM1_L
000004b3   RTCTIM1_H
000004b4   RTCDATE
000004b4   RTCDATE_L
000004b5   RTCDATE_H
000004b6   RTCYEAR
000004b6   RTCYEAR_L
000004b7   RTCYEAR_H
000004b8   RTCAMINHR
000004b8   RTCAMINHR_L
000004b9   RTCAMINHR_H
000004ba   RTCADOWDAY
000004ba   RTCADOWDAY_L
000004bb   RTCADOWDAY_H
000004c0   MPY
000004c0   MPY_L
000004c1   MPY_H
000004c2   MPYS
000004c2   MPYS_L
000004c3   MPYS_H
000004c4   MAC
000004c4   MAC_L
000004c5   MAC_H
000004c6   MACS
000004c6   MACS_L
000004c7   MACS_H
000004c8   OP2
000004c8   OP2_L
000004c9   OP2_H
000004ca   RESLO
000004ca   RESLO_L
000004cb   RESLO_H
000004cc   RESHI
000004cc   RESHI_L
000004cd   RESHI_H
000004ce   SUMEXT
000004ce   SUMEXT_L
000004cf   SUMEXT_H
000004d0   MPY32L
000004d0   MPY32L_L
000004d1   MPY32L_H
000004d2   MPY32H
000004d2   MPY32H_L
000004d3   MPY32H_H
000004d4   MPYS32L
000004d4   MPYS32L_L
000004d5   MPYS32L_H
000004d6   MPYS32H
000004d6   MPYS32H_L
000004d7   MPYS32H_H
000004d8   MAC32L
000004d8   MAC32L_L
000004d9   MAC32L_H
000004da   MAC32H
000004da   MAC32H_L
000004db   MAC32H_H
000004dc   MACS32L
000004dc   MACS32L_L
000004dd   MACS32L_H
000004de   MACS32H
000004de   MACS32H_L
000004df   MACS32H_H
000004e0   OP2L
000004e0   OP2L_L
000004e1   OP2L_H
000004e2   OP2H
000004e2   OP2H_L
000004e3   OP2H_H
000004e4   RES0
000004e4   RES0_L
000004e5   RES0_H
000004e6   RES1
000004e6   RES1_L
000004e7   RES1_H
000004e8   RES2
000004e8   RES2_L
000004e9   RES2_H
000004ea   RES3
000004ea   RES3_L
000004eb   RES3_H
000004ec   MPY32CTL0
000004ec   MPY32CTL0_L
000004ed   MPY32CTL0_H
00000500   DMACTL0
00000500   DMACTL0_L
00000501   DMACTL0_H
00000502   DMACTL1
00000502   DMACTL1_L
00000503   DMACTL1_H
00000504   DMACTL2
00000504   DMACTL2_L
00000505   DMACTL2_H
00000506   DMACTL3
00000506   DMACTL3_L
00000507   DMACTL3_H
00000508   DMACTL4
00000508   DMACTL4_L
00000509   DMACTL4_H
0000050e   DMAIV
0000050e   DMAIV_L
0000050f   DMAIV_H
00000510   DMA0CTL
00000510   DMA0CTL_L
00000511   DMA0CTL_H
00000512   DMA0SA
00000512   DMA0SAL
00000516   DMA0DA
00000516   DMA0DAL
0000051a   DMA0SZ
00000520   DMA1CTL
00000520   DMA1CTL_L
00000521   DMA1CTL_H
00000522   DMA1SA
00000522   DMA1SAL
00000526   DMA1DA
00000526   DMA1DAL
0000052a   DMA1SZ
00000530   DMA2CTL
00000530   DMA2CTL_L
00000531   DMA2CTL_H
00000532   DMA2SA
00000532   DMA2SAL
00000536   DMA2DA
00000536   DMA2DAL
0000053a   DMA2SZ
000005c0   UCA0CTLW0
000005c0   UCA0CTLW0_L
000005c1   UCA0CTLW0_H
000005c6   UCA0BRW
000005c6   UCA0BRW_L
000005c7   UCA0BRW_H
000005c8   UCA0MCTL
000005ca   UCA0STAT
000005cc   UCA0RXBUF
000005ce   UCA0TXBUF
000005d0   UCA0ABCTL
000005d2   UCA0IRCTL
000005d2   UCA0IRCTL_L
000005d3   UCA0IRCTL_H
000005dc   UCA0ICTL
000005dc   UCA0ICTL_L
000005dd   UCA0ICTL_H
000005de   UCA0IV
000005e0   UCB0CTLW0
000005e0   UCB0CTLW0_L
000005e1   UCB0CTLW0_H
000005e6   UCB0BRW
000005e6   UCB0BRW_L
000005e7   UCB0BRW_H
000005ea   UCB0STAT
000005ec   UCB0RXBUF
000005ee   UCB0TXBUF
000005f0   UCB0I2COA
000005f0   UCB0I2COA_L
000005f1   UCB0I2COA_H
000005f2   UCB0I2CSA
000005f2   UCB0I2CSA_L
000005f3   UCB0I2CSA_H
000005fc   UCB0ICTL
000005fc   UCB0ICTL_L
000005fd   UCB0ICTL_H
000005fe   UCB0IV
00000600   UCA1CTLW0
00000600   UCA1CTLW0_L
00000601   UCA1CTLW0_H
00000606   UCA1BRW
00000606   UCA1BRW_L
00000607   UCA1BRW_H
00000608   UCA1MCTL
0000060a   UCA1STAT
0000060c   UCA1RXBUF
0000060e   UCA1TXBUF
00000610   UCA1ABCTL
00000612   UCA1IRCTL
00000612   UCA1IRCTL_L
00000613   UCA1IRCTL_H
0000061c   UCA1ICTL
0000061c   UCA1ICTL_L
0000061d   UCA1ICTL_H
0000061e   UCA1IV
00000620   UCB1CTLW0
00000620   UCB1CTLW0_L
00000621   UCB1CTLW0_H
00000626   UCB1BRW
00000626   UCB1BRW_L
00000627   UCB1BRW_H
0000062a   UCB1STAT
0000062c   UCB1RXBUF
0000062e   UCB1TXBUF
00000630   UCB1I2COA
00000630   UCB1I2COA_L
00000631   UCB1I2COA_H
00000632   UCB1I2CSA
00000632   UCB1I2CSA_L
00000633   UCB1I2CSA_H
0000063c   UCB1ICTL
0000063c   UCB1ICTL_L
0000063d   UCB1ICTL_H
0000063e   UCB1IV
00000700   ADC12CTL0
00000700   ADC12CTL0_L
00000701   ADC12CTL0_H
00000702   ADC12CTL1
00000702   ADC12CTL1_L
00000703   ADC12CTL1_H
00000704   ADC12CTL2
00000704   ADC12CTL2_L
00000705   ADC12CTL2_H
0000070a   ADC12IFG
0000070a   ADC12IFG_L
0000070b   ADC12IFG_H
0000070c   ADC12IE
0000070c   ADC12IE_L
0000070d   ADC12IE_H
0000070e   ADC12IV
0000070e   ADC12IV_L
0000070f   ADC12IV_H
00000710   ADC12MCTL0
00000711   ADC12MCTL1
00000712   ADC12MCTL2
00000713   ADC12MCTL3
00000714   ADC12MCTL4
00000715   ADC12MCTL5
00000716   ADC12MCTL6
00000717   ADC12MCTL7
00000718   ADC12MCTL8
00000719   ADC12MCTL9
0000071a   ADC12MCTL10
0000071b   ADC12MCTL11
0000071c   ADC12MCTL12
0000071d   ADC12MCTL13
0000071e   ADC12MCTL14
0000071f   ADC12MCTL15
00000720   ADC12MEM0
00000720   ADC12MEM0_L
00000721   ADC12MEM0_H
00000722   ADC12MEM1
00000722   ADC12MEM1_L
00000723   ADC12MEM1_H
00000724   ADC12MEM2
00000724   ADC12MEM2_L
00000725   ADC12MEM2_H
00000726   ADC12MEM3
00000726   ADC12MEM3_L
00000727   ADC12MEM3_H
00000728   ADC12MEM4
00000728   ADC12MEM4_L
00000729   ADC12MEM4_H
0000072a   ADC12MEM5
0000072a   ADC12MEM5_L
0000072b   ADC12MEM5_H
0000072c   ADC12MEM6
0000072c   ADC12MEM6_L
0000072d   ADC12MEM6_H
0000072e   ADC12MEM7
0000072e   ADC12MEM7_L
0000072f   ADC12MEM7_H
00000730   ADC12MEM8
00000730   ADC12MEM8_L
00000731   ADC12MEM8_H
00000732   ADC12MEM9
00000732   ADC12MEM9_L
00000733   ADC12MEM9_H
00000734   ADC12MEM10
00000734   ADC12MEM10_L
00000735   ADC12MEM10_H
00000736   ADC12MEM11
00000736   ADC12MEM11_L
00000737   ADC12MEM11_H
00000738   ADC12MEM12
00000738   ADC12MEM12_L
00000739   ADC12MEM12_H
0000073a   ADC12MEM13
0000073a   ADC12MEM13_L
0000073b   ADC12MEM13_H
0000073c   ADC12MEM14
0000073c   ADC12MEM14_L
0000073d   ADC12MEM14_H
0000073e   ADC12MEM15
0000073e   ADC12MEM15_L
0000073f   ADC12MEM15_H
000008c0   CBCTL0
000008c0   CBCTL0_L
000008c1   CBCTL0_H
000008c2   CBCTL1
000008c2   CBCTL1_L
000008c3   CBCTL1_H
000008c4   CBCTL2
000008c4   CBCTL2_L
000008c5   CBCTL2_H
000008c6   CBCTL3
000008c6   CBCTL3_L
000008c7   CBCTL3_H
000008cc   CBINT
000008cc   CBINT_L
000008cd   CBINT_H
000008ce   CBIV
00000900   USBKEYID
00000900   USBKEYID_L
00000901   USBKEYID_H
00000902   USBCNF
00000902   USBCNF_L
00000903   USBCNF_H
00000904   USBPHYCTL
00000904   USBPHYCTL_L
00000905   USBPHYCTL_H
00000908   USBPWRCTL
00000908   USBPWRCTL_L
00000909   USBPWRCTL_H
00000910   USBPLLCTL
00000910   USBPLLCTL_L
00000911   USBPLLCTL_H
00000912   USBPLLDIVB
00000912   USBPLLDIVB_L
00000913   USBPLLDIVB_H
00000914   USBPLLIR
00000914   USBPLLIR_L
00000915   USBPLLIR_H
00000920   USBIEPCNF_0
00000920   tEndPoint0DescriptorBlock
00000921   USBIEPCNT_0
00000922   USBOEPCNF_0
00000923   USBOEPCNT_0
0000092e   USBIEPIE
0000092f   USBOEPIE
00000930   USBIEPIFG
00000931   USBOEPIFG
00000932   USBVECINT
00000932   USBVECINT_L
00000933   USBVECINT_H
00000936   USBMAINT
00000936   USBMAINT_L
00000937   USBMAINT_H
00000938   USBTSREG
00000938   USBTSREG_L
00000939   USBTSREG_H
0000093a   USBFN
0000093a   USBFN_L
0000093b   USBFN_H
0000093c   USBCTL
0000093d   USBIE
0000093e   USBIFG
0000093f   USBFUNADR
00001c00   USBSTABUFF
00001c00   pbXBufferAddressEp1
00001c40   pbYBufferAddressEp1
00001c80   pbXBufferAddressEp81
00001cc0   pbYBufferAddressEp81
00001d00   pbXBufferAddressEp2
00001d40   pbYBufferAddressEp2
00001d80   pbXBufferAddressEp82
00001dc0   pbYBufferAddressEp82
00001e00   pbXBufferAddressEp3
0000236f   USBTOPBUFF
00002370   USBOEP0BUF
00002370   abOEP0Buffer
00002378   USBIEP0BUF
00002378   abIEP0Buffer
00002380   USBSUBLK
00002380   tSetupPacket
00002388   USBOEPCNF_1
00002388   tOutputEndPointDescriptorBlock
00002389   USBOEPBBAX_1
0000238a   USBOEPBCTX_1
0000238d   USBOEPBBAY_1
0000238e   USBOEPBCTY_1
0000238f   USBOEPSIZXY_1
00002390   USBOEPCNF_2
00002391   USBOEPBBAX_2
00002392   USBOEPBCTX_2
00002395   USBOEPBBAY_2
00002396   USBOEPBCTY_2
00002397   USBOEPSIZXY_2
00002398   USBOEPCNF_3
00002399   USBOEPBBAX_3
0000239a   USBOEPBCTX_3
0000239d   USBOEPBBAY_3
0000239e   USBOEPBCTY_3
0000239f   USBOEPSIZXY_3
000023a0   USBOEPCNF_4
000023a1   USBOEPBBAX_4
000023a2   USBOEPBCTX_4
000023a5   USBOEPBBAY_4
000023a6   USBOEPBCTY_4
000023a7   USBOEPSIZXY_4
000023a8   USBOEPCNF_5
000023a9   USBOEPBBAX_5
000023aa   USBOEPBCTX_5
000023ad   USBOEPBBAY_5
000023ae   USBOEPBCTY_5
000023af   USBOEPSIZXY_5
000023b0   USBOEPCNF_6
000023b1   USBOEPBBAX_6
000023b2   USBOEPBCTX_6
000023b5   USBOEPBBAY_6
000023b6   USBOEPBCTY_6
000023b7   USBOEPSIZXY_6
000023b8   USBOEPCNF_7
000023b9   USBOEPBBAX_7
000023ba   USBOEPBCTX_7
000023bd   USBOEPBBAY_7
000023be   USBOEPBCTY_7
000023bf   USBOEPSIZXY_7
000023c8   USBIEPCNF_1
000023c8   tInputEndPointDescriptorBlock
000023c9   USBIEPBBAX_1
000023ca   USBIEPBCTX_1
000023cd   USBIEPBBAY_1
000023ce   USBIEPBCTY_1
000023cf   USBIEPSIZXY_1
000023d0   USBIEPCNF_2
000023d1   USBIEPBBAX_2
000023d2   USBIEPBCTX_2
000023d5   USBIEPBBAY_2
000023d6   USBIEPBCTY_2
000023d7   USBIEPSIZXY_2
000023d8   USBIEPCNF_3
000023d9   USBIEPBBAX_3
000023da   USBIEPBCTX_3
000023dd   USBIEPBBAY_3
000023de   USBIEPBCTY_3
000023df   USBIEPSIZXY_3
000023e0   USBIEPCNF_4
000023e1   USBIEPBBAX_4
000023e2   USBIEPBCTX_4
000023e5   USBIEPBBAY_4
000023e6   USBIEPBCTY_4
000023e7   USBIEPSIZXY_4
000023e8   USBIEPCNF_5
000023e9   USBIEPBBAX_5
000023ea   USBIEPBCTX_5
000023ed   USBIEPBBAY_5
000023ee   USBIEPBCTY_5
000023ef   USBIEPSIZXY_5
000023f0   USBIEPCNF_6
000023f1   USBIEPBBAX_6
000023f2   USBIEPBCTX_6
000023f5   USBIEPBBAY_6
000023f6   USBIEPBCTY_6
000023f7   USBIEPSIZXY_6
000023f8   USBIEPCNF_7
000023f9   USBIEPBBAX_7
000023fa   USBIEPBCTX_7
000023fd   USBIEPBBAY_7
000023fe   USBIEPBCTY_7
000023ff   USBIEPSIZXY_7
00002400   .bss
00002400   __bss__
00002402   QRS_Heart_Rate
00002404   HR_flag
00002406   QRS_Threshold_Old
00002408   QRS_Threshold_New
0000240a   QRS_Second_Prev_Sample
0000240c   QRS_Prev_Sample
0000240e   QRS_Current_Sample
00002410   QRS_Next_Sample
00002412   QRS_Second_Next_Sample
00002414   Start_Sample_Count_Flag
00002415   first_peak_detect
00002416   sample_count
00002418   sample_index
00002426   ECGRawData
0000242e   ECGFilteredData
00002436   Filter_Option
00002438   CoeffBuf_40Hz_LowPass
0000257a   CoeffBuf_60Hz_Notch
000026bc   CoeffBuf_50Hz_Notch
00002d72   Respiration_Rate
00002d74   RESP_Second_Prev_Sample
00002d76   RESP_Prev_Sample
00002d78   RESP_Current_Sample
00002d7a   RESP_Next_Sample
00002d7c   RESP_Second_Next_Sample
00002d7e   RESP_WorkingBuff
00003002   RespCoeffBuf
00003200   Recorder_NANDAddress
00003206   Read_Recorder_NANDAddress
0000320c   Acquire_NANDAddress
00003212   HeadrPacket
00003232   ECGRecorder_data_Buf
00003432   Recorder_head
00003433   Recorder_tail
00003434   packetCounter
00003436   AcqpacketCounter
00003438   Dwn_NandReadBuf
00003538   Dwn_head
00003539   Dwn_tail
0000353a   KeyPressed
0000353b   keyCount
0000353c   Req_Dwnld_occured
0000353d   LeadStatus
0000353e   bCDCDataReceived_event
00003540   SlowToggle_Period
00003542   FastToggle_Period
00003544   Two_5millisec_Period
00003546   EcgPtr
00003548   regval
00003549   Live_Streaming_flag
0000354a   ECGTxPacket
0000358a   ECGTxCount
0000358b   ECGTxPacketRdy
0000358c   ECGRxPacket
000035cc   ECGRxCount
000035cd   dumy
000035ce   ECG_Recoder_state
000035d2   timeCtr
000035d4   ECG_Proc_data_cnt
000035d6   ECG_REC_Proc_Data_Packet
000035f8   ADC_Read_data
00003608   ADS129x_SPI_cmd_Flag
00003609   ADS129x_SPI_data_Flag
0000360a   SPI_Send_count
0000360b   SPI_Tx_Count
0000360c   SPI_Tx_buf
00003616   SPI_Rx_Data_Flag
00003618   SPI_Rx_buf
00003624   SPI_Rx_Count
00003625   SPI_Rx_exp_Count
00003626   ECG_Data_rdy
00003628   ADS1x9x_ECG_Data_buf
00003640   ADS1x9xRegVal
00003650   ADS1x9xR_Default_Register_Settings
00003660   ADS1x9x_Default_Register_Settings
00003672   wBytesRemainingOnIEP0
00003674   wBytesRemainingOnOEP0
0000367c   abUsbRequestReturnData
00003684   abUsbRequestIncomingData
0000368c   abramSerialStringDescriptor
000036ae   bStatusAction
000036af   bFunctionSuspended
000036b0   bEnumerationStatus
000036b2   wUsbEventMask
000036d6   NumPackets
000036d8   ReqSamples
000036da   NumFrames
000036db   NumFrames1
000036dc   BlockNum
000036de   t1
000036e0   ECGPacketAcqPrt
000036e2   ECGPacketAcqHoldPrt
000036e4   Store_data_rdy
000036e6   USB_TX_memcpy
000036ea   USB_RX_memcpy
000036ee   _lock
000036f2   _unlock
000036f6   _cleanup_ptr
000036fa   _dtors_ptr
000036fe   __end__
000036fe   end
00004360   _stack
00004400   __STACK_END
00004400   __cinit__
00004400   cinit
00004b8e   iUsbInterruptHandler
00004cb6   TIMER1_A0_ISR
00004d3a   UNMI_ISR
00004d70   USCI_B0_ISR
00004da2   _c_int00
00004da2   _c_int00_noexit
00004dcc   Port_1
00004df0   Decode_Recieved_Command
00005170   main
0000545c   Accquire_ECG_Samples
00005668   Respiration_Rate_Detection
00005816   Send_Recorded_ECG_Samples_to_USB
000059ae   USBCDC_receiveData
00005cc4   ADS1x9x_Filtered_ECG
00005e16   ADS1x9x_PowerOn_Init
00005f3c   CdcToHostFromBuffer
0000605e   USB_reset
0000617e   CdcToBufferFromHost
00006284   Send_Acquired_ECG_Samples_to_USB
0000637a   Init_FLL
0000645e   Get_Raw_ECG_Samples_Data_pointer
00006540   ADS1292x_Parse_data_packet
00006608   ADS1291_Parse_data_packet
000066ce   USB_InitSerialStringDescriptor
0000684c   ECG_ProcessCurrSample
00006906   ECG_ProcessCurrSample_ch0
000069c0   ADS1x9x_Reg_Write
00006a78   NAND_ReadPage
00006b30   ADS1192_Parse_data_packet
00006be6   __fs_mpy
00006c9c   ADS1191_Parse_data_packet
00006d50   NAND_ReadPageRandomStart
00006e04   Stream_ECG_data_packets
00006eb8   Resp_ProcessCurrSample
00006f56   Store_Processed_ECG_Samples_to_Flash
00006fec   USB_connectionState
00007082   usbDecodeAndProcessUsbRequest
00007112   NAND_ProgramPageRandomStart
0000722a   USB_enable
000072ae   USBCDC_intfStatus
00007330   RESP_Algorithm_Interface
000073a4   USBCDC_bytesInUSBBuffer
00007418   usbSendNextPacketOnIEP0
00007488   Store_Acquired_ECG_Samples_to_Flash
000074f6   CopyUsbToBuff
00007562   usbGetEndpointStatus
000075ce   ECG_FilterProcess
00007638   QRS_Algorithm_Interface
000076a2   cdc_sendDataInBackground
0000770c   __fs_toi
000077da   NAND_ReadPageRandom
0000783e   USBCDC_sendData
000078a2   NAND_EraseBlock
00007902   __divul
00007902   __remul
0000795a   USB_init
000079ac   NAND_ProgramPageRandom
000079fa   SetupPacketInterruptHandler
00007a40   _auto_init
00007a86   usbReceiveNextPacketOnOEP0
00007acc   PWRVBUSoffHandler
00007b0e   usbSetEndpointFeature
00007b50   ADS1x9x_Default_Reg_Init
00007b90   __divli
00007b90   __remli
00007bd0   usbGetLineCoding
00007c10   usbGetStringDescriptor
00007c50   ADS1x9x_Reg_Read
00007c8e   Flash_MT298G08AAAWP_Nand_Write_8Bytes
00007ccc   L_ASR_15
00007cd0   L_ASR_14
00007cd4   L_ASR_13
00007cd8   L_ASR_12
00007cdc   L_ASR_11
00007ce0   L_ASR_10
00007ce4   L_ASR_9
00007ce8   L_ASR_8
00007cec   L_ASR_7
00007cf0   L_ASR_6
00007cf4   L_ASR_5
00007cf8   L_ASR_4
00007cfc   L_ASR_3
00007d00   L_ASR_2
00007d04   L_ASR_1
00007d0a   L_LSL_15
00007d0e   L_LSL_14
00007d12   L_LSL_13
00007d16   L_LSL_12
00007d1a   L_LSL_11
00007d1e   L_LSL_10
00007d22   L_LSL_9
00007d26   L_LSL_8
00007d2a   L_LSL_7
00007d2e   L_LSL_6
00007d32   L_LSL_5
00007d36   L_LSL_4
00007d3a   L_LSL_3
00007d3e   L_LSL_2
00007d42   L_LSL_1
00007d48   L_LSR_15
00007d4c   L_LSR_14
00007d50   L_LSR_13
00007d54   L_LSR_12
00007d58   L_LSR_11
00007d5c   L_LSR_10
00007d60   L_LSR_9
00007d64   L_LSR_8
00007d68   L_LSR_7
00007d6c   L_LSR_6
00007d70   L_LSR_5
00007d74   L_LSR_4
00007d78   L_LSR_3
00007d7c   L_LSR_2
00007d80   L_LSR_1
00007d86   SetVCore
00007dc2   usbClearEndpointFeature
00007dfe   cdc_receiveDataInBuffer
00007e38   Get_TLV_Info
00007e6e   __fs_itof
00007ea4   Init_Clock
00007ed6   USB_connectionInfo
00007f08   USB_suspend
00007f3a   ADS1x9x_Parse_data_packet
00007f6a   NAND_ReadStatus
00007f9a   PWRVBUSonHandler
00007fca   Set_UCB0_SPI
00007ffa   memcpyDMA0
0000802a   Handler_SetLineCoding
00008058   OEP0InterruptHandler
00008084   __divi
00008084   __remi
000080b0   Set_GPIO
000080da   Flash_MT298G08AAAWP_init
00008102   Set_Device_out_bytes
0000812a   USB_connect
00008152   USB_initMemcpy
0000817a   strncmp
000081a2   usbGetDeviceStatus
000081c8   ADS1x9x_Read_All_Regs
000081ea   Flash_MT298G08AAAWP_Nand_Read
0000820c   USB_disable
0000822e   usbSendDataPacketOnEP0
0000824e   XT2_Start
0000826c   usbSetConfiguration
0000828a   ADS1x9x_SPI_Command_Data
000082a6   IEP0InterruptHandler
000082c2   NAND_ProgramPageRandomLast
000082de   CdcResetData
000082f8   Flash_MT298G08AAAWP_Nand_Write_Addr
00008312   Flash_MT298G08AAAWP_Nand_Write_Cmd
0000832c   Init_ADS1x9x_DRDY_Interrupt
00008346   NAND_Init
00008360   usbGetInterface
0000837a   usbGetInterfaceStatus
00008394   usbSetAddress
000083ae   Flash_MT298G08AAAWP_Nand_Read_byte
000083c6   NAND_Reset
000083de   USB_resume
000083f6   Erase_NAND_Flash
0000840c   __divu
0000840c   __remu
00008422   __mpyi_f5hw
00008438   Init_StartUp
0000844c   USB_handleVbusOnEvent
00008460   memset
00008474   CdcIsReceiveInProgress
00008486   memcpy
00008498   usbClearDeviceFeature
000084aa   usbGetConfigurationDescriptor
000084bc   usbGetDeviceDescriptor
000084ce   usbReceiveDataPacketOnEP0
000084e0   usbSetDeviceFeature
000084f2   ADS1x9x_Clock_Select
00008502   usbGetConfiguration
00008512   ADS1x9x_Reset
00008520   Init_KBD
0000852e   Init_TimerA1
0000853c   usbSendZeroLengthPacketOnIEP0
0000854a   usbSetInterface
00008558   usbInvalidRequest
00008564   Disable_ADS1x9x_DRDY_Interrupt
0000856e   Enable_ADS1x9x_DRDY_Interrupt
00008578   abs
00008582   I_LSL
0000858c   usbStallEndpoint0
00008596   Init_ADS1x9x_Resource
0000859e   Soft_Stop_ADS1x9x
000085a6   Start_Read_Data_Continuous
000085ae   Stop_Read_Data_Continuous
000085b6   USBCDC_handleDataReceived
000085be   USB_handleVbusOffEvent
000085c6   USB_setEnabledEvents
000085ce   XT2_Stop
000085d6   usbSetLineCoding
000085de   ADS1x9x_Disable_Start
000085e4   ADS1x9x_Enable_Start
000085ea   Clear_ADS1x9x_Chip_Enable
000085f0   Hard_Stop_ADS1x9x
000085f6   Set_ADS1x9x_Chip_Enable
000085fc   Start_Data_Conv_Command
00008602   XT1_Stop
00008608   usbClearOEP0ByteCount
0000860e   usbStallOEP0
00008614   USBCDC_handleReceiveCompleted
00008618   USBCDC_handleSendCompleted
0000861c   USB_handleClockEvent
00008620   USB_handleEnumCompleteEvent
00008624   USB_handleResetEvent
00008628   USB_handleResumeEvent
0000862c   USB_handleSuspendEvent
00008630   _system_pre_init
00008634   C$$EXIT
00008634   abort
00008638   usbSetControlLineState
0000863c   _nop
0000863e   tUsbRequestList
00008748   abromStringDescriptor
000087fe   abromConfigurationDescriptorGroup
00008862   abromDeviceDescriptor
00008874   stUsbHandle
0000fffe   _reset_vector
ffffffff   .text
ffffffff   __binit__
ffffffff   __c_args__
ffffffff   __etext__
ffffffff   __pinit__
ffffffff   __text__
ffffffff   binit
ffffffff   etext
ffffffff   pinit

[1098 symbols]
